Harness status: OK

Found 2 tests

2 Fail
Fail	mp4 video
Fail	webm video