Harness status: OK

Found 1 tests

1 Pass
Pass	Video dimensions are preserved at the end of the video.